// Jest Snapshot v1, https://goo.gl/fbAQLP

exports[`App component should match snapshot 1`] = `
<div
  className="grid"
>
  <Title
    text="earthquake browser"
    url="https://gitlab.com/kdrabek/earthquakes-visualizer"
  />
  <Connect(OptionsContainer) />
  <Connect(Earthquakes) />
  <Connect(EarthquakesMap) />
</div>
`;
