// Jest Snapshot v1, https://goo.gl/fbAQLP

exports[`Item component should match snapshot when collapsed 1`] = `
<Card
  className="item-card"
  raised={false}
>
  <WithStyles(CardHeader)
    action={
      <WithStyles(IconButton)
        aria-expanded={false}
        className="expand"
        onClick={[Function]}
      >
        <pure(ExpandMore) />
      </WithStyles(IconButton)>
    }
    avatar={
      <WithStyles(Avatar)
        className="magnitude-avatar"
      >
        6.5
      </WithStyles(Avatar)>
    }
    onClick={[Function]}
    subheader="4:03:29 PM, 01/01/2014"
    title="32km W of Sola, Vanuatu"
  />
  <WithStyles(Collapse)
    in={false}
    timeout="auto"
    unmountOnExit={true}
  >
    <WithStyles(CardContent)>
      <div
        className="list-parent"
      >
        <div
          className="list-child"
          key="usc000lvb5-alert"
        >
          <WithStyles(Typography)
            align="center"
          >
            green
          </WithStyles(Typography)>
          <WithStyles(Typography)
            align="center"
            gutterBottom={true}
            variant="caption"
          >
            Alert
          </WithStyles(Typography)>
        </div>
        <div
          className="list-child"
          key="usc000lvb5-cdi"
        >
          <WithStyles(Typography)
            align="center"
          >
            no info
          </WithStyles(Typography)>
          <WithStyles(Typography)
            align="center"
            gutterBottom={true}
            variant="caption"
          >
            Intensity
          </WithStyles(Typography)>
        </div>
        <div
          className="list-child"
          key="usc000lvb5-depth"
        >
          <WithStyles(Typography)
            align="center"
          >
            no info
          </WithStyles(Typography)>
          <WithStyles(Typography)
            align="center"
            gutterBottom={true}
            variant="caption"
          >
            Depth
          </WithStyles(Typography)>
        </div>
        <div
          className="list-child"
          key="usc000lvb5-felt"
        >
          <WithStyles(Typography)
            align="center"
          >
            no info
          </WithStyles(Typography)>
          <WithStyles(Typography)
            align="center"
            gutterBottom={true}
            variant="caption"
          >
            Felt Reports
          </WithStyles(Typography)>
        </div>
        <div
          className="list-child"
          key="usc000lvb5-tsunami"
        >
          <WithStyles(Typography)
            align="center"
          >
            1
          </WithStyles(Typography)>
          <WithStyles(Typography)
            align="center"
            gutterBottom={true}
            variant="caption"
          >
            Tsunami
          </WithStyles(Typography)>
        </div>
        <div
          className="list-child"
          key="usc000lvb5-type"
        >
          <WithStyles(Typography)
            align="center"
          >
            earthquake
          </WithStyles(Typography)>
          <WithStyles(Typography)
            align="center"
            gutterBottom={true}
            variant="caption"
          >
            Type
          </WithStyles(Typography)>
        </div>
      </div>
      <WithStyles(Typography)
        align="right"
      >
        Report link: 
        <a
          href="https://earthquake.usgs.gov/earthquakes/eventpage/usc000lvb5"
        >
          https://earthquake.usgs.gov/earthquakes/eventpage/usc000lvb5
        </a>
      </WithStyles(Typography)>
    </WithStyles(CardContent)>
  </WithStyles(Collapse)>
</Card>
`;

exports[`Item component should match snapshot when expanded 1`] = `
<Card
  className="item-card"
  raised={false}
>
  <WithStyles(CardHeader)
    action={
      <WithStyles(IconButton)
        aria-expanded={false}
        className="expand"
        onClick={[Function]}
      >
        <pure(ExpandMore) />
      </WithStyles(IconButton)>
    }
    avatar={
      <WithStyles(Avatar)
        className="magnitude-avatar"
      >
        6.5
      </WithStyles(Avatar)>
    }
    onClick={[Function]}
    subheader="4:03:29 PM, 01/01/2014"
    title="32km W of Sola, Vanuatu"
  />
  <WithStyles(Collapse)
    in={false}
    timeout="auto"
    unmountOnExit={true}
  >
    <WithStyles(CardContent)>
      <div
        className="list-parent"
      >
        <div
          className="list-child"
          key="usc000lvb5-alert"
        >
          <WithStyles(Typography)
            align="center"
          >
            green
          </WithStyles(Typography)>
          <WithStyles(Typography)
            align="center"
            gutterBottom={true}
            variant="caption"
          >
            Alert
          </WithStyles(Typography)>
        </div>
        <div
          className="list-child"
          key="usc000lvb5-cdi"
        >
          <WithStyles(Typography)
            align="center"
          >
            no info
          </WithStyles(Typography)>
          <WithStyles(Typography)
            align="center"
            gutterBottom={true}
            variant="caption"
          >
            Intensity
          </WithStyles(Typography)>
        </div>
        <div
          className="list-child"
          key="usc000lvb5-depth"
        >
          <WithStyles(Typography)
            align="center"
          >
            no info
          </WithStyles(Typography)>
          <WithStyles(Typography)
            align="center"
            gutterBottom={true}
            variant="caption"
          >
            Depth
          </WithStyles(Typography)>
        </div>
        <div
          className="list-child"
          key="usc000lvb5-felt"
        >
          <WithStyles(Typography)
            align="center"
          >
            no info
          </WithStyles(Typography)>
          <WithStyles(Typography)
            align="center"
            gutterBottom={true}
            variant="caption"
          >
            Felt Reports
          </WithStyles(Typography)>
        </div>
        <div
          className="list-child"
          key="usc000lvb5-tsunami"
        >
          <WithStyles(Typography)
            align="center"
          >
            1
          </WithStyles(Typography)>
          <WithStyles(Typography)
            align="center"
            gutterBottom={true}
            variant="caption"
          >
            Tsunami
          </WithStyles(Typography)>
        </div>
        <div
          className="list-child"
          key="usc000lvb5-type"
        >
          <WithStyles(Typography)
            align="center"
          >
            earthquake
          </WithStyles(Typography)>
          <WithStyles(Typography)
            align="center"
            gutterBottom={true}
            variant="caption"
          >
            Type
          </WithStyles(Typography)>
        </div>
      </div>
      <WithStyles(Typography)
        align="right"
      >
        Report link: 
        <a
          href="https://earthquake.usgs.gov/earthquakes/eventpage/usc000lvb5"
        >
          https://earthquake.usgs.gov/earthquakes/eventpage/usc000lvb5
        </a>
      </WithStyles(Typography)>
    </WithStyles(CardContent)>
  </WithStyles(Collapse)>
</Card>
`;
