// Jest Snapshot v1, https://goo.gl/fbAQLP

exports[`List component should match snapshot earthquakesList 1`] = `
<List
  earthquakesList={
    Immutable.List [
      Immutable.Map {
        "id": "some-id",
        "properties": Immutable.Map {
          "mag": 4,
          "depth": 3.4,
        },
      },
    ]
  }
  updateMap={[Function]}
/>
`;

exports[`List component should match snapshot when no earthquakes 1`] = `
<renderComponent(Empty)
  earthquakesList={Immutable.List []}
/>
`;
