// Jest Snapshot v1, https://goo.gl/fbAQLP

exports[`Title component should match snapshot 1`] = `
<div
  className="header flex-container"
>
  <WithStyles(Typography)
    variant="title"
  >
    some text
  </WithStyles(Typography)>
  <span
    className="avatar"
  >
    <WithStyles(IconButton)
      variant="fab"
    >
      <i
        className="fa fa-gitlab"
      />
    </WithStyles(IconButton)>
  </span>
</div>
`;
