// Jest Snapshot v1, https://goo.gl/fbAQLP

exports[`(GET) earthquakes called with proper parameters 1`] = `
Array [
  Array [
    "https://earthquake.usgs.gov/fdsnws/event/1/query?endtime=2018-03-21T23%3A59%3A59.999Z&format=geojson&minmagnitude=5&starttime=2018-03-21T00%3A00%3A00.000Z",
    Object {
      "header": Object {
        "Accept": "application/json",
        "Content-Type": "application/json",
      },
      "method": "GET",
    },
  ],
]
`;
